Archive member included to satisfy reference by file (symbol)

/usr/lib/gcc/arm-none-eabi/13.2.0/../../../../arm-none-eabi/lib/thumb/v7e-m+fp/hard/libc_nano.a(libc_a-atexit.o)
                              /usr/lib/gcc/arm-none-eabi/13.2.0/../../../../arm-none-eabi/lib/thumb/v7e-m+fp/hard/crt0.o (atexit)
/usr/lib/gcc/arm-none-eabi/13.2.0/../../../../arm-none-eabi/lib/thumb/v7e-m+fp/hard/libc_nano.a(libc_a-exit.o)
                              /usr/lib/gcc/arm-none-eabi/13.2.0/../../../../arm-none-eabi/lib/thumb/v7e-m+fp/hard/crt0.o (exit)
/usr/lib/gcc/arm-none-eabi/13.2.0/../../../../arm-none-eabi/lib/thumb/v7e-m+fp/hard/libc_nano.a(libc_a-findfp.o)
                              /usr/lib/gcc/arm-none-eabi/13.2.0/../../../../arm-none-eabi/lib/thumb/v7e-m+fp/hard/libc_nano.a(libc_a-exit.o) (__stdio_exit_handler)
/usr/lib/gcc/arm-none-eabi/13.2.0/../../../../arm-none-eabi/lib/thumb/v7e-m+fp/hard/libc_nano.a(libc_a-fwalk.o)
                              /usr/lib/gcc/arm-none-eabi/13.2.0/../../../../arm-none-eabi/lib/thumb/v7e-m+fp/hard/libc_nano.a(libc_a-findfp.o) (_fwalk_sglue)
/usr/lib/gcc/arm-none-eabi/13.2.0/../../../../arm-none-eabi/lib/thumb/v7e-m+fp/hard/libc_nano.a(libc_a-stdio.o)
                              /usr/lib/gcc/arm-none-eabi/13.2.0/../../../../arm-none-eabi/lib/thumb/v7e-m+fp/hard/libc_nano.a(libc_a-findfp.o) (__sread)
/usr/lib/gcc/arm-none-eabi/13.2.0/../../../../arm-none-eabi/lib/thumb/v7e-m+fp/hard/libc_nano.a(libc_a-memset.o)
                              /usr/lib/gcc/arm-none-eabi/13.2.0/../../../../arm-none-eabi/lib/thumb/v7e-m+fp/hard/crt0.o (memset)
/usr/lib/gcc/arm-none-eabi/13.2.0/../../../../arm-none-eabi/lib/thumb/v7e-m+fp/hard/libc_nano.a(libc_a-closer.o)
                              /usr/lib/gcc/arm-none-eabi/13.2.0/../../../../arm-none-eabi/lib/thumb/v7e-m+fp/hard/libc_nano.a(libc_a-stdio.o) (_close_r)
/usr/lib/gcc/arm-none-eabi/13.2.0/../../../../arm-none-eabi/lib/thumb/v7e-m+fp/hard/libc_nano.a(libc_a-reent.o)
                              /usr/lib/gcc/arm-none-eabi/13.2.0/../../../../arm-none-eabi/lib/thumb/v7e-m+fp/hard/libc_nano.a(libc_a-closer.o) (errno)
/usr/lib/gcc/arm-none-eabi/13.2.0/../../../../arm-none-eabi/lib/thumb/v7e-m+fp/hard/libc_nano.a(libc_a-impure.o)
                              /usr/lib/gcc/arm-none-eabi/13.2.0/../../../../arm-none-eabi/lib/thumb/v7e-m+fp/hard/libc_nano.a(libc_a-reent.o) (_impure_ptr)
/usr/lib/gcc/arm-none-eabi/13.2.0/../../../../arm-none-eabi/lib/thumb/v7e-m+fp/hard/libc_nano.a(libc_a-lseekr.o)
                              /usr/lib/gcc/arm-none-eabi/13.2.0/../../../../arm-none-eabi/lib/thumb/v7e-m+fp/hard/libc_nano.a(libc_a-stdio.o) (_lseek_r)
/usr/lib/gcc/arm-none-eabi/13.2.0/../../../../arm-none-eabi/lib/thumb/v7e-m+fp/hard/libc_nano.a(libc_a-readr.o)
                              /usr/lib/gcc/arm-none-eabi/13.2.0/../../../../arm-none-eabi/lib/thumb/v7e-m+fp/hard/libc_nano.a(libc_a-stdio.o) (_read_r)
/usr/lib/gcc/arm-none-eabi/13.2.0/../../../../arm-none-eabi/lib/thumb/v7e-m+fp/hard/libc_nano.a(libc_a-writer.o)
                              /usr/lib/gcc/arm-none-eabi/13.2.0/../../../../arm-none-eabi/lib/thumb/v7e-m+fp/hard/libc_nano.a(libc_a-stdio.o) (_write_r)
/usr/lib/gcc/arm-none-eabi/13.2.0/../../../../arm-none-eabi/lib/thumb/v7e-m+fp/hard/libc_nano.a(libc_a-init.o)
                              /usr/lib/gcc/arm-none-eabi/13.2.0/../../../../arm-none-eabi/lib/thumb/v7e-m+fp/hard/crt0.o (__libc_init_array)
/usr/lib/gcc/arm-none-eabi/13.2.0/../../../../arm-none-eabi/lib/thumb/v7e-m+fp/hard/libc_nano.a(libc_a-fini.o)
                              /usr/lib/gcc/arm-none-eabi/13.2.0/../../../../arm-none-eabi/lib/thumb/v7e-m+fp/hard/crt0.o (__libc_fini_array)
/usr/lib/gcc/arm-none-eabi/13.2.0/../../../../arm-none-eabi/lib/thumb/v7e-m+fp/hard/libc_nano.a(libc_a-lock.o)
                              /usr/lib/gcc/arm-none-eabi/13.2.0/../../../../arm-none-eabi/lib/thumb/v7e-m+fp/hard/libc_nano.a(libc_a-findfp.o) (__retarget_lock_init_recursive)
/usr/lib/gcc/arm-none-eabi/13.2.0/../../../../arm-none-eabi/lib/thumb/v7e-m+fp/hard/libc_nano.a(libc_a-__atexit.o)
                              /usr/lib/gcc/arm-none-eabi/13.2.0/../../../../arm-none-eabi/lib/thumb/v7e-m+fp/hard/libc_nano.a(libc_a-atexit.o) (__register_exitproc)
/usr/lib/gcc/arm-none-eabi/13.2.0/../../../../arm-none-eabi/lib/thumb/v7e-m+fp/hard/libc_nano.a(libc_a-__call_atexit.o)
                              /usr/lib/gcc/arm-none-eabi/13.2.0/../../../../arm-none-eabi/lib/thumb/v7e-m+fp/hard/libc_nano.a(libc_a-__atexit.o) (__call_exitprocs)
/usr/lib/gcc/arm-none-eabi/13.2.0/../../../../arm-none-eabi/lib/thumb/v7e-m+fp/hard/libc_nano.a(libc_a-freer.o)
                              /usr/lib/gcc/arm-none-eabi/13.2.0/../../../../arm-none-eabi/lib/thumb/v7e-m+fp/hard/libc_nano.a(libc_a-reent.o) (_free_r)
/usr/lib/gcc/arm-none-eabi/13.2.0/../../../../arm-none-eabi/lib/thumb/v7e-m+fp/hard/libc_nano.a(libc_a-mallocr.o)
[...]
Memory Configuration

Name             Origin             Length             Attributes
RAM              0x20000000         0x00010000         xrw
FLASH            0x08000000         0x00040000         xr
*default*        0x00000000         0xffffffff

Linker script and memory map

LOAD /usr/lib/gcc/arm-none-eabi/13.2.0/thumb/v7e-m+fp/hard/crti.o
LOAD /usr/lib/gcc/arm-none-eabi/13.2.0/thumb/v7e-m+fp/hard/crtbegin.o
LOAD /usr/lib/gcc/arm-none-eabi/13.2.0/../../../../arm-none-eabi/lib/thumb/v7e-m+fp/hard/crt0.o
START GROUP
LOAD /usr/lib/gcc/arm-none-eabi/13.2.0/../../../../arm-none-eabi/lib/thumb/v7e-m+fp/hard/libc_nano.a
LOAD /usr/lib/gcc/arm-none-eabi/13.2.0/../../../../arm-none-eabi/lib/thumb/v7e-m+fp/hard/libm.a
END GROUP
LOAD CMakeFiles/detector.dir/Core/Src/main.c.obj
LOAD CMakeFiles/detector.dir/Core/Src/stm32f4xx_it.c.obj
LOAD CMakeFiles/detector.dir/Core/Src/stm32f4xx_hal_msp.c.obj
LOAD CMakeFiles/detector.dir/Drivers/STM32F4xx_HAL_Driver/Src/stm32f4xx_hal_adc.c.obj
LOAD CMakeFiles/detector.dir/Drivers/STM32F4xx_HAL_Driver/Src/stm32f4xx_hal_adc_ex.c.obj
LOAD CMakeFiles/detector.dir/Drivers/STM32F4xx_HAL_Driver/Src/stm32f4xx_ll_adc.c.obj
LOAD CMakeFiles/detector.dir/Drivers/STM32F4xx_HAL_Driver/Src/stm32f4xx_hal_rcc.c.obj
LOAD CMakeFiles/detector.dir/Drivers/STM32F4xx_HAL_Driver/Src/stm32f4xx_hal_rcc_ex.c.obj
LOAD CMakeFiles/detector.dir/Drivers/STM32F4xx_HAL_Driver/Src/stm32f4xx_hal_flash.c.obj
LOAD CMakeFiles/detector.dir/Drivers/STM32F4xx_HAL_Driver/Src/stm32f4xx_hal_flash_ex.c.obj
LOAD CMakeFiles/detector.dir/Drivers/STM32F4xx_HAL_Driver/Src/stm32f4xx_hal_flash_ramfunc.c.obj
LOAD CMakeFiles/detector.dir/Drivers/STM32F4xx_HAL_Driver/Src/stm32f4xx_hal_gpio.c.obj
LOAD CMakeFiles/detector.dir/Drivers/STM32F4xx_HAL_Driver/Src/stm32f4xx_hal_dma_ex.c.obj
LOAD CMakeFiles/detector.dir/Drivers/STM32F4xx_HAL_Driver/Src/stm32f4xx_hal_dma.c.obj
LOAD CMakeFiles/detector.dir/Drivers/STM32F4xx_HAL_Driver/Src/stm32f4xx_hal_pwr.c.obj
LOAD CMakeFiles/detector.dir/Drivers/STM32F4xx_HAL_Driver/Src/stm32f4xx_hal_pwr_ex.c.obj
LOAD CMakeFiles/detector.dir/Drivers/STM32F4xx_HAL_Driver/Src/stm32f4xx_hal_cortex.c.obj
LOAD CMakeFiles/detector.dir/Drivers/STM32F4xx_HAL_Driver/Src/stm32f4xx_hal.c.obj
LOAD CMakeFiles/detector.dir/Drivers/STM32F4xx_HAL_Driver/Src/stm32f4xx_hal_exti.c.obj
LOAD CMakeFiles/detector.dir/Drivers/STM32F4xx_HAL_Driver/Src/stm32f4xx_hal_tim.c.obj
LOAD CMakeFiles/detector.dir/Drivers/STM32F4xx_HAL_Driver/Src/stm32f4xx_hal_tim_ex.c.obj
LOAD CMakeFiles/detector.dir/Drivers/STM32F4xx_HAL_Driver/Src/stm32f4xx_hal_uart.c.obj
LOAD CMakeFiles/detector.dir/Core/Src/system_stm32f4xx.c.obj
LOAD CMakeFiles/detector.dir/Core/Src/sysmem.c.obj
LOAD CMakeFiles/detector.dir/Core/Src/syscalls.c.obj
LOAD CMakeFiles/detector.dir/startup_stm32f401xc.s.obj
START GROUP
LOAD /usr/lib/gcc/arm-none-eabi/13.2.0/thumb/v7e-m+fp/hard/libgcc.a
LOAD /usr/lib/gcc/arm-none-eabi/13.2.0/../../../../arm-none-eabi/lib/thumb/v7e-m+fp/hard/libg_nano.a
LOAD /usr/lib/gcc/arm-none-eabi/13.2.0/../../../../arm-none-eabi/lib/thumb/v7e-m+fp/hard/libc_nano.a
END GROUP
START GROUP
LOAD /usr/lib/gcc/arm-none-eabi/13.2.0/thumb/v7e-m+fp/hard/libgcc.a
LOAD /usr/lib/gcc/arm-none-eabi/13.2.0/../../../../arm-none-eabi/lib/thumb/v7e-m+fp/hard/libc_nano.a
END GROUP
LOAD /usr/lib/gcc/arm-none-eabi/13.2.0/thumb/v7e-m+fp/hard/crtend.o
LOAD /usr/lib/gcc/arm-none-eabi/13.2.0/thumb/v7e-m+fp/hard/crtn.o
                0x20010000                        _estack = (ORIGIN (RAM) + LENGTH (RAM))
                0x00000200                        _Min_Heap_Size = 0x200
                0x00000400                        _Min_Stack_Size = 0x400

.isr_vector     0x08000000      0x194
                0x08000000                        . = ALIGN (0x4)
 *(.isr_vector)
 .isr_vector    0x08000000      0x194 CMakeFiles/detector.dir/startup_stm32f401xc.s.obj
                0x08000000                g_pfnVectors
                0x08000194                        . = ALIGN (0x4)

.text           0x08000194     0x2cbc
                0x08000194                        . = ALIGN (0x4)
 *(.text)
 .text          0x08000194       0x30 /usr/lib/gcc/arm-none-eabi/13.2.0/thumb/v7e-m+fp/hard/libgcc.a(_aeabi_uldivmod.o)
                0x08000194                __aeabi_uldivmod
 .text          0x080001c4        0x4 /usr/lib/gcc/arm-none-eabi/13.2.0/thumb/v7e-m+fp/hard/libgcc.a(_dvmd_tls.o)
                0x080001c4                __aeabi_ldiv0
                0x080001c4                __aeabi_idiv0
 *(.text*)
 .text.__do_global_dtors_aux
                0x080001c8       0x24 /usr/lib/gcc/arm-none-eabi/13.2.0/thumb/v7e-m+fp/hard/crtbegin.o
 .text.frame_dummy
                0x080001ec       0x1c /usr/lib/gcc/arm-none-eabi/13.2.0/thumb/v7e-m+fp/hard/crtbegin.o
 .text.memset   0x08000208       0x10 /usr/lib/gcc/arm-none-eabi/13.2.0/../../../../arm-none-eabi/lib/thumb/v7e-m+fp/hard/libc_nano.a(libc_a-memset.o)
                0x08000208                memset
 .text.__libc_init_array
                0x08000218       0x48 /usr/lib/gcc/arm-none-eabi/13.2.0/../../../../arm-none-eabi/lib/thumb/v7e-m+fp/hard/libc_nano.a(libc_a-init.o)
                0x08000218                __libc_init_array
 .text.main     0x08000260       0x88 CMakeFiles/detector.dir/Core/Src/main.c.obj
                0x08000260                main
 .text.SystemClock_Config
                0x080002e8       0xc0 CMakeFiles/detector.dir/Core/Src/main.c.obj
                0x080002e8                SystemClock_Config
 .text.MX_ADC1_Init
                0x080003a8       0xa4 CMakeFiles/detector.dir/Core/Src/main.c.obj
 .text.MX_USART1_UART_Init
                0x0800044c       0x54 CMakeFiles/detector.dir/Core/Src/main.c.obj
 .text.MX_GPIO_Init
                0x080004a0       0x88 CMakeFiles/detector.dir/Core/Src/main.c.obj
 .text.Error_Handler
                0x08000528        0xc CMakeFiles/detector.dir/Core/Src/main.c.obj
                0x08000528                Error_Handler
 .text.NMI_Handler
                0x08000534        0x8 CMakeFiles/detector.dir/Core/Src/stm32f4xx_it.c.obj
                0x08000534                NMI_Handler
 .text.HardFault_Handler
                0x0800053c        0x8 CMakeFiles/detector.dir/Core/Src/stm32f4xx_it.c.obj
                0x0800053c                HardFault_Handler
 .text.MemManage_Handler
                0x08000544        0x8 CMakeFiles/detector.dir/Core/Src/stm32f4xx_it.c.obj
                0x08000544                MemManage_Handler
 .text.BusFault_Handler
                0x0800054c        0x8 CMakeFiles/detector.dir/Core/Src/stm32f4xx_it.c.obj
                0x0800054c                BusFault_Handler
 .text.UsageFault_Handler
                0x08000554        0x8 CMakeFiles/detector.dir/Core/Src/stm32f4xx_it.c.obj
                0x08000554                UsageFault_Handler
 .text.SVC_Handler
                0x0800055c        0xe CMakeFiles/detector.dir/Core/Src/stm32f4xx_it.c.obj
                0x0800055c                SVC_Handler
 .text.DebugMon_Handler
                0x0800056a        0xe CMakeFiles/detector.dir/Core/Src/stm32f4xx_it.c.obj
                0x0800056a                DebugMon_Handler
 .text.PendSV_Handler
                0x08000578        0xe CMakeFiles/detector.dir/Core/Src/stm32f4xx_it.c.obj
                0x08000578                PendSV_Handler
 .text.SysTick_Handler
                0x08000586        0xc CMakeFiles/detector.dir/Core/Src/stm32f4xx_it.c.obj
                0x08000586                SysTick_Handler
 *fill*         0x08000592        0x2 
 .text.USART1_IRQHandler
                0x08000594       0x14 CMakeFiles/detector.dir/Core/Src/stm32f4xx_it.c.obj
                0x08000594                USART1_IRQHandler
 .text.HAL_MspInit
                0x080005a8       0x50 CMakeFiles/detector.dir/Core/Src/stm32f4xx_hal_msp.c.obj
                0x080005a8                HAL_MspInit
 .text.HAL_ADC_MspInit
                0x080005f8       0x88 CMakeFiles/detector.dir/Core/Src/stm32f4xx_hal_msp.c.obj
                0x080005f8                HAL_ADC_MspInit
 .text.HAL_UART_MspInit
                0x08000680       0xa0 CMakeFiles/detector.dir/Core/Src/stm32f4xx_hal_msp.c.obj
                0x08000680                HAL_UART_MspInit
 .text.HAL_ADC_Init
                0x08000720       0x86 CMakeFiles/detector.dir/Drivers/STM32F4xx_HAL_Driver/Src/stm32f4xx_hal_adc.c.obj
                0x08000720                HAL_ADC_Init
 *fill*         0x080007a6        0x2 
 .text.HAL_ADC_ConfigChannel
                0x080007a8      0x244 CMakeFiles/detector.dir/Drivers/STM32F4xx_HAL_Driver/Src/stm32f4xx_hal_adc.c.obj
                0x080007a8                HAL_ADC_ConfigChannel
 .text.ADC_Init
                0x080009ec      0x1f8 CMakeFiles/detector.dir/Drivers/STM32F4xx_HAL_Driver/Src/stm32f4xx_hal_adc.c.obj
 .text.HAL_RCC_OscConfig
                0x08000be4      0x4f0 CMakeFiles/detector.dir/Drivers/STM32F4xx_HAL_Driver/Src/stm32f4xx_hal_rcc.c.obj
                0x08000be4                HAL_RCC_OscConfig
 .text.HAL_RCC_ClockConfig
                0x080010d4      0x1cc CMakeFiles/detector.dir/Drivers/STM32F4xx_HAL_Driver/Src/stm32f4xx_hal_rcc.c.obj
                0x080010d4                HAL_RCC_ClockConfig
 .text.HAL_RCC_GetSysClockFreq
                0x080012a0      0x18c CMakeFiles/detector.dir/Drivers/STM32F4xx_HAL_Driver/Src/stm32f4xx_hal_rcc.c.obj
                0x080012a0                HAL_RCC_GetSysClockFreq
 .text.HAL_RCC_GetHCLKFreq
                0x0800142c       0x18 CMakeFiles/detector.dir/Drivers/STM32F4xx_HAL_Driver/Src/stm32f4xx_hal_rcc.c.obj
                0x0800142c                HAL_RCC_GetHCLKFreq
 .text.HAL_RCC_GetPCLK1Freq
                0x08001444       0x28 CMakeFiles/detector.dir/Drivers/STM32F4xx_HAL_Driver/Src/stm32f4xx_hal_rcc.c.obj
                0x08001444                HAL_RCC_GetPCLK1Freq
 .text.HAL_RCC_GetPCLK2Freq
                0x0800146c       0x28 CMakeFiles/detector.dir/Drivers/STM32F4xx_HAL_Driver/Src/stm32f4xx_hal_rcc.c.obj
                0x0800146c                HAL_RCC_GetPCLK2Freq
 .text.HAL_GPIO_Init
                0x08001494      0x308 CMakeFiles/detector.dir/Drivers/STM32F4xx_HAL_Driver/Src/stm32f4xx_hal_gpio.c.obj
                0x08001494                HAL_GPIO_Init
 .text.HAL_GPIO_WritePin
                0x0800179c       0x32 CMakeFiles/detector.dir/Drivers/STM32F4xx_HAL_Driver/Src/stm32f4xx_hal_gpio.c.obj
                0x0800179c                HAL_GPIO_WritePin
 .text.HAL_GPIO_TogglePin
                0x080017ce       0x34 CMakeFiles/detector.dir/Drivers/STM32F4xx_HAL_Driver/Src/stm32f4xx_hal_gpio.c.obj
                0x080017ce                HAL_GPIO_TogglePin
 .text.HAL_DMA_Abort
                0x08001802       0xe0 CMakeFiles/detector.dir/Drivers/STM32F4xx_HAL_Driver/Src/stm32f4xx_hal_dma.c.obj
                0x08001802                HAL_DMA_Abort
 .text.HAL_DMA_Abort_IT
                0x080018e2       0x44 CMakeFiles/detector.dir/Drivers/STM32F4xx_HAL_Driver/Src/stm32f4xx_hal_dma.c.obj
                0x080018e2                HAL_DMA_Abort_IT
 *fill*         0x08001926        0x2 
 .text.__NVIC_SetPriorityGrouping
                0x08001928       0x48 CMakeFiles/detector.dir/Drivers/STM32F4xx_HAL_Driver/Src/stm32f4xx_hal_cortex.c.obj
 .text.__NVIC_GetPriorityGrouping
                0x08001970       0x1c CMakeFiles/detector.dir/Drivers/STM32F4xx_HAL_Driver/Src/stm32f4xx_hal_cortex.c.obj
 .text.__NVIC_EnableIRQ
                0x0800198c       0x3c CMakeFiles/detector.dir/Drivers/STM32F4xx_HAL_Driver/Src/stm32f4xx_hal_cortex.c.obj
 .text.__NVIC_SetPriority
                0x080019c8       0x54 CMakeFiles/detector.dir/Drivers/STM32F4xx_HAL_Driver/Src/stm32f4xx_hal_cortex.c.obj
 .text.NVIC_EncodePriority
                0x08001a1c       0x66 CMakeFiles/detector.dir/Drivers/STM32F4xx_HAL_Driver/Src/stm32f4xx_hal_cortex.c.obj
 *fill*         0x08001a82        0x2 
 .text.SysTick_Config
                0x08001a84       0x44 CMakeFiles/detector.dir/Drivers/STM32F4xx_HAL_Driver/Src/stm32f4xx_hal_cortex.c.obj
 .text.HAL_NVIC_SetPriorityGrouping
                0x08001ac8       0x16 CMakeFiles/detector.dir/Drivers/STM32F4xx_HAL_Driver/Src/stm32f4xx_hal_cortex.c.obj
                0x08001ac8                HAL_NVIC_SetPriorityGrouping
 .text.HAL_NVIC_SetPriority
                0x08001ade       0x38 CMakeFiles/detector.dir/Drivers/STM32F4xx_HAL_Driver/Src/stm32f4xx_hal_cortex.c.obj
                0x08001ade                HAL_NVIC_SetPriority
 .text.HAL_NVIC_EnableIRQ
                0x08001b16       0x1c CMakeFiles/detector.dir/Drivers/STM32F4xx_HAL_Driver/Src/stm32f4xx_hal_cortex.c.obj
                0x08001b16                HAL_NVIC_EnableIRQ
 .text.HAL_SYSTICK_Config
                0x08001b32       0x18 CMakeFiles/detector.dir/Drivers/STM32F4xx_HAL_Driver/Src/stm32f4xx_hal_cortex.c.obj
                0x08001b32                HAL_SYSTICK_Config
 *fill*         0x08001b4a        0x2 
 .text.HAL_Init
                0x08001b4c       0x44 CMakeFiles/detector.dir/Drivers/STM32F4xx_HAL_Driver/Src/stm32f4xx_hal.c.obj
                0x08001b4c                HAL_Init
 .text.HAL_InitTick
                0x08001b90       0x60 CMakeFiles/detector.dir/Drivers/STM32F4xx_HAL_Driver/Src/stm32f4xx_hal.c.obj
                0x08001b90                HAL_InitTick
 .text.HAL_IncTick
                0x08001bf0       0x28 CMakeFiles/detector.dir/Drivers/STM32F4xx_HAL_Driver/Src/stm32f4xx_hal.c.obj
                0x08001bf0                HAL_IncTick
 .text.HAL_GetTick
                0x08001c18       0x18 CMakeFiles/detector.dir/Drivers/STM32F4xx_HAL_Driver/Src/stm32f4xx_hal.c.obj
                0x08001c18                HAL_GetTick
 .text.HAL_Delay
                0x08001c30       0x48 CMakeFiles/detector.dir/Drivers/STM32F4xx_HAL_Driver/Src/stm32f4xx_hal.c.obj
                0x08001c30                HAL_Delay
 .text.HAL_UART_Init
                0x08001c78       0xa0 CMakeFiles/detector.dir/Drivers/STM32F4xx_HAL_Driver/Src/stm32f4xx_hal_uart.c.obj
                0x08001c78                HAL_UART_Init
 .text.HAL_UART_Transmit_IT
                0x08001d18       0x6c CMakeFiles/detector.dir/Drivers/STM32F4xx_HAL_Driver/Src/stm32f4xx_hal_uart.c.obj
                0x08001d18                HAL_UART_Transmit_IT
 .text.HAL_UART_IRQHandler
                0x08001d84      0x524 CMakeFiles/detector.dir/Drivers/STM32F4xx_HAL_Driver/Src/stm32f4xx_hal_uart.c.obj
                0x08001d84                HAL_UART_IRQHandler
 .text.HAL_UART_TxCpltCallback
                0x080022a8       0x14 CMakeFiles/detector.dir/Drivers/STM32F4xx_HAL_Driver/Src/stm32f4xx_hal_uart.c.obj
                0x080022a8                HAL_UART_TxCpltCallback
 .text.HAL_UART_RxCpltCallback
                0x080022bc       0x14 CMakeFiles/detector.dir/Drivers/STM32F4xx_HAL_Driver/Src/stm32f4xx_hal_uart.c.obj
                0x080022bc                HAL_UART_RxCpltCallback
 .text.HAL_UART_ErrorCallback
                0x080022d0       0x14 CMakeFiles/detector.dir/Drivers/STM32F4xx_HAL_Driver/Src/stm32f4xx_hal_uart.c.obj
                0x080022d0                HAL_UART_ErrorCallback
 .text.HAL_UARTEx_RxEventCallback
                0x080022e4       0x18 CMakeFiles/detector.dir/Drivers/STM32F4xx_HAL_Driver/Src/stm32f4xx_hal_uart.c.obj
                0x080022e4                HAL_UARTEx_RxEventCallback
 .text.UART_EndRxTransfer
                0x080022fc       0xc6 CMakeFiles/detector.dir/Drivers/STM32F4xx_HAL_Driver/Src/stm32f4xx_hal_uart.c.obj
 .text.UART_DMAAbortOnError
                0x080023c2       0x28 CMakeFiles/detector.dir/Drivers/STM32F4xx_HAL_Driver/Src/stm32f4xx_hal_uart.c.obj
 .text.UART_Transmit_IT
                0x080023ea       0xa0 CMakeFiles/detector.dir/Drivers/STM32F4xx_HAL_Driver/Src/stm32f4xx_hal_uart.c.obj
 .text.UART_EndTransmit_IT
                0x0800248a       0x30 CMakeFiles/detector.dir/Drivers/STM32F4xx_HAL_Driver/Src/stm32f4xx_hal_uart.c.obj
 .text.UART_Receive_IT
                0x080024ba      0x17c CMakeFiles/detector.dir/Drivers/STM32F4xx_HAL_Driver/Src/stm32f4xx_hal_uart.c.obj
 *fill*         0x08002636        0x2 
 .text.UART_SetConfig
                0x08002638      0x4e8 CMakeFiles/detector.dir/Drivers/STM32F4xx_HAL_Driver/Src/stm32f4xx_hal_uart.c.obj
 .text.SystemInit
                0x08002b20       0x24 CMakeFiles/detector.dir/Core/Src/system_stm32f4xx.c.obj
                0x08002b20                SystemInit
 .text.Reset_Handler
                0x08002b44       0x50 CMakeFiles/detector.dir/startup_stm32f401xc.s.obj
                0x08002b44                Reset_Handler
 .text.Default_Handler
                0x08002b94        0x2 CMakeFiles/detector.dir/startup_stm32f401xc.s.obj
                0x08002b94                RTC_Alarm_IRQHandler
                0x08002b94                EXTI2_IRQHandler
                0x08002b94                SPI4_IRQHandler
                0x08002b94                TIM1_CC_IRQHandler
                0x08002b94                DMA2_Stream5_IRQHandler
                0x08002b94                DMA1_Stream5_IRQHandler
                0x08002b94                PVD_IRQHandler
                0x08002b94                SDIO_IRQHandler
                0x08002b94                TAMP_STAMP_IRQHandler
                0x08002b94                EXTI3_IRQHandler
                0x08002b94                TIM1_UP_TIM10_IRQHandler
                0x08002b94                I2C3_ER_IRQHandler
                0x08002b94                EXTI0_IRQHandler
                0x08002b94                I2C2_EV_IRQHandler
                0x08002b94                DMA1_Stream2_IRQHandler
                0x08002b94                FPU_IRQHandler
                0x08002b94                DMA2_Stream2_IRQHandler
                0x08002b94                SPI1_IRQHandler
                0x08002b94                TIM1_BRK_TIM9_IRQHandler
                0x08002b94                DMA2_Stream3_IRQHandler
                0x08002b94                USART6_IRQHandler
                0x08002b94                DMA2_Stream0_IRQHandler
                0x08002b94                TIM4_IRQHandler
                0x08002b94                I2C1_EV_IRQHandler
                0x08002b94                DMA1_Stream6_IRQHandler
                0x08002b94                DMA1_Stream1_IRQHandler
                0x08002b94                TIM3_IRQHandler
                0x08002b94                RCC_IRQHandler
                0x08002b94                Default_Handler
                0x08002b94                EXTI15_10_IRQHandler
                0x08002b94                ADC_IRQHandler
                0x08002b94                DMA1_Stream7_IRQHandler
                0x08002b94                TIM5_IRQHandler
                0x08002b94                DMA2_Stream7_IRQHandler
                0x08002b94                I2C3_EV_IRQHandler
                0x08002b94                EXTI9_5_IRQHandler
                0x08002b94                RTC_WKUP_IRQHandler
                0x08002b94                SPI2_IRQHandler
                0x08002b94                DMA1_Stream0_IRQHandler
                0x08002b94                EXTI4_IRQHandler
                0x08002b94                WWDG_IRQHandler
                0x08002b94                TIM2_IRQHandler
                0x08002b94                OTG_FS_WKUP_IRQHandler
                0x08002b94                TIM1_TRG_COM_TIM11_IRQHandler
                0x08002b94                EXTI1_IRQHandler
                0x08002b94                USART2_IRQHandler
                0x08002b94                I2C2_ER_IRQHandler
                0x08002b94                DMA2_Stream1_IRQHandler
                0x08002b94                FLASH_IRQHandler
                0x08002b94                DMA2_Stream4_IRQHandler
                0x08002b94                OTG_FS_IRQHandler
                0x08002b94                SPI3_IRQHandler
                0x08002b94                DMA1_Stream4_IRQHandler
                0x08002b94                I2C1_ER_IRQHandler
                0x08002b94                DMA2_Stream6_IRQHandler
                0x08002b94                DMA1_Stream3_IRQHandler
 .text.__udivmoddi4
                0x08002b96      0x2a0 /usr/lib/gcc/arm-none-eabi/13.2.0/thumb/v7e-m+fp/hard/libgcc.a(_udivmoddi4.o)
                0x08002b96                __udivmoddi4
 *(.glue_7)
 .glue_7        0x08002e36        0x0 linker stubs
 *(.glue_7t)
 .glue_7t       0x08002e36        0x0 linker stubs
 *(.eh_frame)
 *fill*         0x08002e36        0x2 
 .eh_frame      0x08002e38        0x0 /usr/lib/gcc/arm-none-eabi/13.2.0/thumb/v7e-m+fp/hard/crtbegin.o
 *(.init)
 .init          0x08002e38        0x4 /usr/lib/gcc/arm-none-eabi/13.2.0/thumb/v7e-m+fp/hard/crti.o
                0x08002e38                _init
 .init          0x08002e3c        0x8 /usr/lib/gcc/arm-none-eabi/13.2.0/thumb/v7e-m+fp/hard/crtn.o
 *(.fini)
 .fini          0x08002e44        0x4 /usr/lib/gcc/arm-none-eabi/13.2.0/thumb/v7e-m+fp/hard/crti.o
                0x08002e44                _fini
 .fini          0x08002e48        0x8 /usr/lib/gcc/arm-none-eabi/13.2.0/thumb/v7e-m+fp/hard/crtn.o
                0x08002e50                        . = ALIGN (0x4)
                0x08002e50                        _etext = .

.vfp11_veneer   0x08002e50        0x0
 .vfp11_veneer  0x08002e50        0x0 linker stubs

.v4_bx          0x08002e50        0x0
 .v4_bx         0x08002e50        0x0 linker stubs

.iplt           0x08002e50        0x0
 .iplt          0x08002e50        0x0 /usr/lib/gcc/arm-none-eabi/13.2.0/thumb/v7e-m+fp/hard/crtbegin.o

.rodata         0x08002e50       0x28
                0x08002e50                        . = ALIGN (0x4)
 *(.rodata)
 .rodata        0x08002e50        0xf CMakeFiles/detector.dir/Core/Src/main.c.obj
 *(.rodata*)
 *fill*         0x08002e5f        0x1 
 .rodata.AHBPrescTable
                0x08002e60       0x10 CMakeFiles/detector.dir/Core/Src/system_stm32f4xx.c.obj
                0x08002e60                AHBPrescTable
 .rodata.APBPrescTable
                0x08002e70        0x8 CMakeFiles/detector.dir/Core/Src/system_stm32f4xx.c.obj
                0x08002e70                APBPrescTable
                0x08002e78                        . = ALIGN (0x4)

.ARM.extab
 *(.ARM.extab* .gnu.linkonce.armextab.*)

.ARM            0x08002e78        0x8
                0x08002e78                        __exidx_start = .
 *(.ARM.exidx*)
 .ARM.exidx.text.__udivmoddi4
                0x08002e78        0x8 /usr/lib/gcc/arm-none-eabi/13.2.0/thumb/v7e-m+fp/hard/libgcc.a(_udivmoddi4.o)
                0x08002e80                        __exidx_end = .

.rel.dyn        0x08002e80        0x0
 .rel.iplt      0x08002e80        0x0 /usr/lib/gcc/arm-none-eabi/13.2.0/thumb/v7e-m+fp/hard/crtbegin.o

.preinit_array  0x08002e80        0x0
                0x08002e80                        PROVIDE (__preinit_array_start = .)
 *(.preinit_array*)
                0x08002e80                        PROVIDE (__preinit_array_end = .)

.init_array     0x08002e80        0x4
                0x08002e80                        PROVIDE (__init_array_start = .)
 *(SORT_BY_NAME(.init_array.*))
 *(.init_array*)
 .init_array    0x08002e80        0x4 /usr/lib/gcc/arm-none-eabi/13.2.0/thumb/v7e-m+fp/hard/crtbegin.o
                0x08002e84                        PROVIDE (__init_array_end = .)

.fini_array     0x08002e84        0x4
                0x08002e84                        PROVIDE (__fini_array_start = .)
 *(SORT_BY_NAME(.fini_array.*))
 *(.fini_array*)
 .fini_array    0x08002e84        0x4 /usr/lib/gcc/arm-none-eabi/13.2.0/thumb/v7e-m+fp/hard/crtbegin.o
                0x08002e88                        PROVIDE (__fini_array_end = .)
                0x08002e88                        _sidata = LOADADDR (.data)

.data           0x20000000        0xc load address 0x08002e88
                0x20000000                        . = ALIGN (0x4)
                0x20000000                        _sdata = .
 *(.data)
 *(.data*)
 .data.uwTickPrio
                0x20000000        0x4 CMakeFiles/detector.dir/Drivers/STM32F4xx_HAL_Driver/Src/stm32f4xx_hal.c.obj
                0x20000000                uwTickPrio
 .data.uwTickFreq
                0x20000004        0x1 CMakeFiles/detector.dir/Drivers/STM32F4xx_HAL_Driver/Src/stm32f4xx_hal.c.obj
                0x20000004                uwTickFreq
 *fill*         0x20000005        0x3 
 .data.SystemCoreClock
                0x20000008        0x4 CMakeFiles/detector.dir/Core/Src/system_stm32f4xx.c.obj
                0x20000008                SystemCoreClock
                0x2000000c                        . = ALIGN (0x4)
                0x2000000c                        _edata = .

.igot.plt       0x2000000c        0x0 load address 0x08002e94
 .igot.plt      0x2000000c        0x0 /usr/lib/gcc/arm-none-eabi/13.2.0/thumb/v7e-m+fp/hard/crtbegin.o
                0x2000000c                        . = ALIGN (0x4)

.bss            0x2000000c       0xb0 load address 0x08002e94
                0x2000000c                        _sbss = .
                0x2000000c                        __bss_start__ = _sbss
 *(.bss)
 *(.bss*)
 .bss.completed.1
                0x2000000c        0x1 /usr/lib/gcc/arm-none-eabi/13.2.0/thumb/v7e-m+fp/hard/crtbegin.o
 *fill*         0x2000000d        0x3 
 .bss.object.0  0x20000010       0x18 /usr/lib/gcc/arm-none-eabi/13.2.0/thumb/v7e-m+fp/hard/crtbegin.o
 .bss.hadc1     0x20000028       0x48 CMakeFiles/detector.dir/Core/Src/main.c.obj
                0x20000028                hadc1
 .bss.huart1    0x20000070       0x48 CMakeFiles/detector.dir/Core/Src/main.c.obj
                0x20000070                huart1
 .bss.uwTick    0x200000b8        0x4 CMakeFiles/detector.dir/Drivers/STM32F4xx_HAL_Driver/Src/stm32f4xx_hal.c.obj
                0x200000b8                uwTick
 *(COMMON)
                0x200000bc                        . = ALIGN (0x4)
                0x200000bc                        _ebss = .
                0x200000bc                        __bss_end__ = _ebss

._user_heap_stack
                0x200000bc      0x604 load address 0x08002e94
                0x200000c0                        . = ALIGN (0x8)
 *fill*         0x200000bc        0x4 
                [!provide]                        PROVIDE (end = .)
                0x200000c0                        PROVIDE (_end = .)
                0x200002c0                        . = (. + _Min_Heap_Size)
 *fill*         0x200000c0      0x200 
                0x200006c0                        . = (. + _Min_Stack_Size)
 *fill*         0x200002c0      0x400 
                0x200006c0                        . = ALIGN (0x8)

/DISCARD/
 libc.a(*)
 libm.a(*)
 libgcc.a(*)

.ARM.attributes
                0x00000000       0x30
 *(.ARM.attributes)
 .ARM.attributes
                0x00000000       0x22 /usr/lib/gcc/arm-none-eabi/13.2.0/thumb/v7e-m+fp/hard/crti.o
 .ARM.attributes
                0x00000022       0x34 /usr/lib/gcc/arm-none-eabi/13.2.0/thumb/v7e-m+fp/hard/crtbegin.o
 .ARM.attributes
                0x00000056       0x34 /usr/lib/gcc/arm-none-eabi/13.2.0/../../../../arm-none-eabi/lib/thumb/v7e-m+fp/hard/libc_nano.a(libc_a-memset.o)
 .ARM.attributes
                0x0000008a       0x34 /usr/lib/gcc/arm-none-eabi/13.2.0/../../../../arm-none-eabi/lib/thumb/v7e-m+fp/hard/libc_nano.a(libc_a-init.o)
 .ARM.attributes
                0x000000be       0x34 CMakeFiles/detector.dir/Core/Src/main.c.obj
 .ARM.attributes
                0x000000f2       0x34 CMakeFiles/detector.dir/Core/Src/stm32f4xx_it.c.obj
 .ARM.attributes
                0x00000126       0x34 CMakeFiles/detector.dir/Core/Src/stm32f4xx_hal_msp.c.obj
 .ARM.attributes
                0x0000015a       0x34 CMakeFiles/detector.dir/Drivers/STM32F4xx_HAL_Driver/Src/stm32f4xx_hal_adc.c.obj
 .ARM.attributes
                0x0000018e       0x34 CMakeFiles/detector.dir/Drivers/STM32F4xx_HAL_Driver/Src/stm32f4xx_hal_rcc.c.obj
 .ARM.attributes
                0x000001c2       0x34 CMakeFiles/detector.dir/Drivers/STM32F4xx_HAL_Driver/Src/stm32f4xx_hal_gpio.c.obj
 .ARM.attributes
                0x000001f6       0x34 CMakeFiles/detector.dir/Drivers/STM32F4xx_HAL_Driver/Src/stm32f4xx_hal_dma.c.obj
 .ARM.attributes
                0x0000022a       0x34 CMakeFiles/detector.dir/Drivers/STM32F4xx_HAL_Driver/Src/stm32f4xx_hal_cortex.c.obj
 .ARM.attributes
                0x0000025e       0x34 CMakeFiles/detector.dir/Drivers/STM32F4xx_HAL_Driver/Src/stm32f4xx_hal.c.obj
 .ARM.attributes
                0x00000292       0x34 CMakeFiles/detector.dir/Drivers/STM32F4xx_HAL_Driver/Src/stm32f4xx_hal_uart.c.obj
 .ARM.attributes
                0x000002c6       0x34 CMakeFiles/detector.dir/Core/Src/system_stm32f4xx.c.obj
 .ARM.attributes
                0x000002fa       0x21 CMakeFiles/detector.dir/startup_stm32f401xc.s.obj
 .ARM.attributes
                0x0000031b       0x22 /usr/lib/gcc/arm-none-eabi/13.2.0/thumb/v7e-m+fp/hard/libgcc.a(_aeabi_uldivmod.o)
 .ARM.attributes
                0x0000033d       0x34 /usr/lib/gcc/arm-none-eabi/13.2.0/thumb/v7e-m+fp/hard/libgcc.a(_udivmoddi4.o)
 .ARM.attributes
                0x00000371       0x22 /usr/lib/gcc/arm-none-eabi/13.2.0/thumb/v7e-m+fp/hard/libgcc.a(_dvmd_tls.o)
 .ARM.attributes
                0x00000393       0x22 /usr/lib/gcc/arm-none-eabi/13.2.0/thumb/v7e-m+fp/hard/crtn.o
OUTPUT(detector.elf elf32-littlearm)
LOAD linker stubs
LOAD /usr/lib/gcc/arm-none-eabi/13.2.0/../../../../arm-none-eabi/lib/thumb/v7e-m+fp/hard/libc.a
LOAD /usr/lib/gcc/arm-none-eabi/13.2.0/../../../../arm-none-eabi/lib/thumb/v7e-m+fp/hard/libm.a
LOAD /usr/lib/gcc/arm-none-eabi/13.2.0/thumb/v7e-m+fp/hard/libgcc.a

.debug_info     0x00000000     0x9c66
 .debug_info    0x00000000       0xe0 /usr/lib/gcc/arm-none-eabi/13.2.0/../../../../arm-none-eabi/lib/thumb/v7e-m+fp/hard/libc_nano.a(libc_a-memset.o)
 .debug_info    0x000000e0      0x10b /usr/lib/gcc/arm-none-eabi/13.2.0/../../../../arm-none-eabi/lib/thumb/v7e-m+fp/hard/libc_nano.a(libc_a-init.o)
 .debug_info    0x000001eb      0xf13 CMakeFiles/detector.dir/Core/Src/main.c.obj
 .debug_info    0x000010fe      0x640 CMakeFiles/detector.dir/Core/Src/stm32f4xx_it.c.obj
 .debug_info    0x0000173e      0xde2 CMakeFiles/detector.dir/Core/Src/stm32f4xx_hal_msp.c.obj
 .debug_info    0x00002520      0xcd1 CMakeFiles/detector.dir/Drivers/STM32F4xx_HAL_Driver/Src/stm32f4xx_hal_adc.c.obj
 .debug_info    0x000031f1      0x8f3 CMakeFiles/detector.dir/Drivers/STM32F4xx_HAL_Driver/Src/stm32f4xx_hal_rcc.c.obj
 .debug_info    0x00003ae4      0x6f9 CMakeFiles/detector.dir/Drivers/STM32F4xx_HAL_Driver/Src/stm32f4xx_hal_gpio.c.obj
 .debug_info    0x000041dd      0x8e6 CMakeFiles/detector.dir/Drivers/STM32F4xx_HAL_Driver/Src/stm32f4xx_hal_dma.c.obj
 .debug_info    0x00004ac3      0xcc1 CMakeFiles/detector.dir/Drivers/STM32F4xx_HAL_Driver/Src/stm32f4xx_hal_cortex.c.obj
 .debug_info    0x00005784      0x8bb CMakeFiles/detector.dir/Drivers/STM32F4xx_HAL_Driver/Src/stm32f4xx_hal.c.obj
 .debug_info    0x0000603f     0x2f56 CMakeFiles/detector.dir/Drivers/STM32F4xx_HAL_Driver/Src/stm32f4xx_hal_uart.c.obj
 .debug_info    0x00008f95      0x53e CMakeFiles/detector.dir/Core/Src/system_stm32f4xx.c.obj
 .debug_info    0x000094d3       0x30 CMakeFiles/detector.dir/startup_stm32f401xc.s.obj
 .debug_info    0x00009503       0x24 /usr/lib/gcc/arm-none-eabi/13.2.0/thumb/v7e-m+fp/hard/libgcc.a(_aeabi_uldivmod.o)
 .debug_info    0x00009527      0x703 /usr/lib/gcc/arm-none-eabi/13.2.0/thumb/v7e-m+fp/hard/libgcc.a(_udivmoddi4.o)
 .debug_info    0x00009c2a       0x3c /usr/lib/gcc/arm-none-eabi/13.2.0/thumb/v7e-m+fp/hard/libgcc.a(_dvmd_tls.o)

.debug_abbrev   0x00000000     0x1b38
 .debug_abbrev  0x00000000       0x9e /usr/lib/gcc/arm-none-eabi/13.2.0/../../../../arm-none-eabi/lib/thumb/v7e-m+fp/hard/libc_nano.a(libc_a-memset.o)
 .debug_abbrev  0x0000009e       0xc9 /usr/lib/gcc/arm-none-eabi/13.2.0/../../../../arm-none-eabi/lib/thumb/v7e-m+fp/hard/libc_nano.a(libc_a-init.o)
 .debug_abbrev  0x00000167      0x25d CMakeFiles/detector.dir/Core/Src/main.c.obj
 .debug_abbrev  0x000003c4      0x182 CMakeFiles/detector.dir/Core/Src/stm32f4xx_it.c.obj
 .debug_abbrev  0x00000546      0x1cb CMakeFiles/detector.dir/Core/Src/stm32f4xx_hal_msp.c.obj
 .debug_abbrev  0x00000711      0x20e CMakeFiles/detector.dir/Drivers/STM32F4xx_HAL_Driver/Src/stm32f4xx_hal_adc.c.obj
 .debug_abbrev  0x0000091f      0x2b5 CMakeFiles/detector.dir/Drivers/STM32F4xx_HAL_Driver/Src/stm32f4xx_hal_rcc.c.obj
 .debug_abbrev  0x00000bd4      0x1d3 CMakeFiles/detector.dir/Drivers/STM32F4xx_HAL_Driver/Src/stm32f4xx_hal_gpio.c.obj
 .debug_abbrev  0x00000da7      0x221 CMakeFiles/detector.dir/Drivers/STM32F4xx_HAL_Driver/Src/stm32f4xx_hal_dma.c.obj
 .debug_abbrev  0x00000fc8      0x328 CMakeFiles/detector.dir/Drivers/STM32F4xx_HAL_Driver/Src/stm32f4xx_hal_cortex.c.obj
 .debug_abbrev  0x000012f0      0x24b CMakeFiles/detector.dir/Drivers/STM32F4xx_HAL_Driver/Src/stm32f4xx_hal.c.obj
 .debug_abbrev  0x0000153b      0x31b CMakeFiles/detector.dir/Drivers/STM32F4xx_HAL_Driver/Src/stm32f4xx_hal_uart.c.obj
 .debug_abbrev  0x00001856      0x11a CMakeFiles/detector.dir/Core/Src/system_stm32f4xx.c.obj
 .debug_abbrev  0x00001970       0x24 CMakeFiles/detector.dir/startup_stm32f401xc.s.obj
 .debug_abbrev  0x00001994       0x14 /usr/lib/gcc/arm-none-eabi/13.2.0/thumb/v7e-m+fp/hard/libgcc.a(_aeabi_uldivmod.o)
 .debug_abbrev  0x000019a8      0x16a /usr/lib/gcc/arm-none-eabi/13.2.0/thumb/v7e-m+fp/hard/libgcc.a(_udivmoddi4.o)
 .debug_abbrev  0x00001b12       0x26 /usr/lib/gcc/arm-none-eabi/13.2.0/thumb/v7e-m+fp/hard/libgcc.a(_dvmd_tls.o)

.debug_loclists
                0x00000000      0x7f9
 .debug_loclists
                0x00000000       0x4d /usr/lib/gcc/arm-none-eabi/13.2.0/../../../../arm-none-eabi/lib/thumb/v7e-m+fp/hard/libc_nano.a(libc_a-memset.o)
 .debug_loclists
                0x0000004d       0x44 /usr/lib/gcc/arm-none-eabi/13.2.0/../../../../arm-none-eabi/lib/thumb/v7e-m+fp/hard/libc_nano.a(libc_a-init.o)
 .debug_loclists
                0x00000091      0x768 /usr/lib/gcc/arm-none-eabi/13.2.0/thumb/v7e-m+fp/hard/libgcc.a(_udivmoddi4.o)

.debug_aranges  0x00000000      0x850
 .debug_aranges
                0x00000000       0x20 /usr/lib/gcc/arm-none-eabi/13.2.0/../../../../arm-none-eabi/lib/thumb/v7e-m+fp/hard/libc_nano.a(libc_a-memset.o)
 .debug_aranges
                0x00000020       0x20 /usr/lib/gcc/arm-none-eabi/13.2.0/../../../../arm-none-eabi/lib/thumb/v7e-m+fp/hard/libc_nano.a(libc_a-init.o)
 .debug_aranges
                0x00000040       0x48 CMakeFiles/detector.dir/Core/Src/main.c.obj
 .debug_aranges
                0x00000088       0x68 CMakeFiles/detector.dir/Core/Src/stm32f4xx_it.c.obj
 .debug_aranges
                0x000000f0       0x40 CMakeFiles/detector.dir/Core/Src/stm32f4xx_hal_msp.c.obj
 .debug_aranges
                0x00000130       0xe8 CMakeFiles/detector.dir/Drivers/STM32F4xx_HAL_Driver/Src/stm32f4xx_hal_adc.c.obj
 .debug_aranges
                0x00000218       0x88 CMakeFiles/detector.dir/Drivers/STM32F4xx_HAL_Driver/Src/stm32f4xx_hal_rcc.c.obj
 .debug_aranges
                0x000002a0       0x58 CMakeFiles/detector.dir/Drivers/STM32F4xx_HAL_Driver/Src/stm32f4xx_hal_gpio.c.obj
 .debug_aranges
                0x000002f8       0x90 CMakeFiles/detector.dir/Drivers/STM32F4xx_HAL_Driver/Src/stm32f4xx_hal_dma.c.obj
 .debug_aranges
                0x00000388      0x120 CMakeFiles/detector.dir/Drivers/STM32F4xx_HAL_Driver/Src/stm32f4xx_hal_cortex.c.obj
 .debug_aranges
                0x000004a8       0xf0 CMakeFiles/detector.dir/Drivers/STM32F4xx_HAL_Driver/Src/stm32f4xx_hal.c.obj
 .debug_aranges
                0x00000598      0x208 CMakeFiles/detector.dir/Drivers/STM32F4xx_HAL_Driver/Src/stm32f4xx_hal_uart.c.obj
 .debug_aranges
                0x000007a0       0x28 CMakeFiles/detector.dir/Core/Src/system_stm32f4xx.c.obj
 .debug_aranges
                0x000007c8       0x28 CMakeFiles/detector.dir/startup_stm32f401xc.s.obj
 .debug_aranges
                0x000007f0       0x20 /usr/lib/gcc/arm-none-eabi/13.2.0/thumb/v7e-m+fp/hard/libgcc.a(_aeabi_uldivmod.o)
 .debug_aranges
                0x00000810       0x20 /usr/lib/gcc/arm-none-eabi/13.2.0/thumb/v7e-m+fp/hard/libgcc.a(_udivmoddi4.o)
 .debug_aranges
                0x00000830       0x20 /usr/lib/gcc/arm-none-eabi/13.2.0/thumb/v7e-m+fp/hard/libgcc.a(_dvmd_tls.o)

.debug_rnglists
                0x00000000      0x67a
 .debug_rnglists
                0x00000000       0x13 /usr/lib/gcc/arm-none-eabi/13.2.0/../../../../arm-none-eabi/lib/thumb/v7e-m+fp/hard/libc_nano.a(libc_a-memset.o)
 .debug_rnglists
                0x00000013       0x13 /usr/lib/gcc/arm-none-eabi/13.2.0/../../../../arm-none-eabi/lib/thumb/v7e-m+fp/hard/libc_nano.a(libc_a-init.o)
 .debug_rnglists
                0x00000026       0x35 CMakeFiles/detector.dir/Core/Src/main.c.obj
 .debug_rnglists
                0x0000005b       0x49 CMakeFiles/detector.dir/Core/Src/stm32f4xx_it.c.obj
 .debug_rnglists
                0x000000a4       0x2d CMakeFiles/detector.dir/Core/Src/stm32f4xx_hal_msp.c.obj
 .debug_rnglists
                0x000000d1       0xb5 CMakeFiles/detector.dir/Drivers/STM32F4xx_HAL_Driver/Src/stm32f4xx_hal_adc.c.obj
 .debug_rnglists
                0x00000186       0x66 CMakeFiles/detector.dir/Drivers/STM32F4xx_HAL_Driver/Src/stm32f4xx_hal_rcc.c.obj
 .debug_rnglists
                0x000001ec       0x3f CMakeFiles/detector.dir/Drivers/STM32F4xx_HAL_Driver/Src/stm32f4xx_hal_gpio.c.obj
 .debug_rnglists
                0x0000022b       0x70 CMakeFiles/detector.dir/Drivers/STM32F4xx_HAL_Driver/Src/stm32f4xx_hal_dma.c.obj
 .debug_rnglists
                0x0000029b       0xd4 CMakeFiles/detector.dir/Drivers/STM32F4xx_HAL_Driver/Src/stm32f4xx_hal_cortex.c.obj
 .debug_rnglists
                0x0000036f       0xaf CMakeFiles/detector.dir/Drivers/STM32F4xx_HAL_Driver/Src/stm32f4xx_hal.c.obj
 .debug_rnglists
                0x0000041e      0x1bc CMakeFiles/detector.dir/Drivers/STM32F4xx_HAL_Driver/Src/stm32f4xx_hal_uart.c.obj
 .debug_rnglists
                0x000005da       0x1a CMakeFiles/detector.dir/Core/Src/system_stm32f4xx.c.obj
 .debug_rnglists
                0x000005f4       0x19 CMakeFiles/detector.dir/startup_stm32f401xc.s.obj
 .debug_rnglists
                0x0000060d       0x6d /usr/lib/gcc/arm-none-eabi/13.2.0/thumb/v7e-m+fp/hard/libgcc.a(_udivmoddi4.o)

.debug_line     0x00000000     0x92f9
 .debug_line    0x00000000      0x123 /usr/lib/gcc/arm-none-eabi/13.2.0/../../../../arm-none-eabi/lib/thumb/v7e-m+fp/hard/libc_nano.a(libc_a-memset.o)
 .debug_line    0x00000123      0x11d /usr/lib/gcc/arm-none-eabi/13.2.0/../../../../arm-none-eabi/lib/thumb/v7e-m+fp/hard/libc_nano.a(libc_a-init.o)
 .debug_line    0x00000240      0x75f CMakeFiles/detector.dir/Core/Src/main.c.obj
 .debug_line    0x0000099f      0x6e6 CMakeFiles/detector.dir/Core/Src/stm32f4xx_it.c.obj
 .debug_line    0x00001085      0x6b8 CMakeFiles/detector.dir/Core/Src/stm32f4xx_hal_msp.c.obj
 .debug_line    0x0000173d     0x1059 CMakeFiles/detector.dir/Drivers/STM32F4xx_HAL_Driver/Src/stm32f4xx_hal_adc.c.obj
 .debug_line    0x00002796      0xd06 CMakeFiles/detector.dir/Drivers/STM32F4xx_HAL_Driver/Src/stm32f4xx_hal_rcc.c.obj
 .debug_line    0x0000349c      0xa2d CMakeFiles/detector.dir/Drivers/STM32F4xx_HAL_Driver/Src/stm32f4xx_hal_gpio.c.obj
 .debug_line    0x00003ec9      0xe7d CMakeFiles/detector.dir/Drivers/STM32F4xx_HAL_Driver/Src/stm32f4xx_hal_dma.c.obj
 .debug_line    0x00004d46      0xbb7 CMakeFiles/detector.dir/Drivers/STM32F4xx_HAL_Driver/Src/stm32f4xx_hal_cortex.c.obj
 .debug_line    0x000058fd      0x911 CMakeFiles/detector.dir/Drivers/STM32F4xx_HAL_Driver/Src/stm32f4xx_hal.c.obj
 .debug_line    0x0000620e     0x2420 CMakeFiles/detector.dir/Drivers/STM32F4xx_HAL_Driver/Src/stm32f4xx_hal_uart.c.obj
 .debug_line    0x0000862e      0x6a4 CMakeFiles/detector.dir/Core/Src/system_stm32f4xx.c.obj
 .debug_line    0x00008cd2       0x7a CMakeFiles/detector.dir/startup_stm32f401xc.s.obj
 .debug_line    0x00008d4c       0x4e /usr/lib/gcc/arm-none-eabi/13.2.0/thumb/v7e-m+fp/hard/libgcc.a(_aeabi_uldivmod.o)
 .debug_line    0x00008d9a      0x515 /usr/lib/gcc/arm-none-eabi/13.2.0/thumb/v7e-m+fp/hard/libgcc.a(_udivmoddi4.o)
 .debug_line    0x000092af       0x4a /usr/lib/gcc/arm-none-eabi/13.2.0/thumb/v7e-m+fp/hard/libgcc.a(_dvmd_tls.o)

.debug_str      0x00000000    0x8d9f4
 .debug_str     0x00000000    0x8d9f4 /usr/lib/gcc/arm-none-eabi/13.2.0/../../../../arm-none-eabi/lib/thumb/v7e-m+fp/hard/libc_nano.a(libc_a-memset.o)
                                0x1bf (size before relaxing)
 .debug_str     0x0008d9f4      0x220 /usr/lib/gcc/arm-none-eabi/13.2.0/../../../../arm-none-eabi/lib/thumb/v7e-m+fp/hard/libc_nano.a(libc_a-init.o)
 .debug_str     0x0008d9f4    0x8b3f4 CMakeFiles/detector.dir/Core/Src/main.c.obj
 .debug_str     0x0008d9f4    0x8aef8 CMakeFiles/detector.dir/Core/Src/stm32f4xx_it.c.obj
 .debug_str     0x0008d9f4    0x8b572 CMakeFiles/detector.dir/Core/Src/stm32f4xx_hal_msp.c.obj
 .debug_str     0x0008d9f4    0x8b15f CMakeFiles/detector.dir/Drivers/STM32F4xx_HAL_Driver/Src/stm32f4xx_hal_adc.c.obj
 .debug_str     0x0008d9f4    0x8afb8 CMakeFiles/detector.dir/Drivers/STM32F4xx_HAL_Driver/Src/stm32f4xx_hal_rcc.c.obj
 .debug_str     0x0008d9f4    0x8acff CMakeFiles/detector.dir/Drivers/STM32F4xx_HAL_Driver/Src/stm32f4xx_hal_gpio.c.obj
 .debug_str     0x0008d9f4    0x8af8c CMakeFiles/detector.dir/Drivers/STM32F4xx_HAL_Driver/Src/stm32f4xx_hal_dma.c.obj
 .debug_str     0x0008d9f4    0x8b2de CMakeFiles/detector.dir/Drivers/STM32F4xx_HAL_Driver/Src/stm32f4xx_hal_cortex.c.obj
 .debug_str     0x0008d9f4    0x8b5a6 CMakeFiles/detector.dir/Drivers/STM32F4xx_HAL_Driver/Src/stm32f4xx_hal.c.obj
 .debug_str     0x0008d9f4    0x8b587 CMakeFiles/detector.dir/Drivers/STM32F4xx_HAL_Driver/Src/stm32f4xx_hal_uart.c.obj
 .debug_str     0x0008d9f4    0x8ab84 CMakeFiles/detector.dir/Core/Src/system_stm32f4xx.c.obj
 .debug_str     0x0008d9f4       0x9a CMakeFiles/detector.dir/startup_stm32f401xc.s.obj
 .debug_str     0x0008d9f4       0x9e /usr/lib/gcc/arm-none-eabi/13.2.0/thumb/v7e-m+fp/hard/libgcc.a(_aeabi_uldivmod.o)
 .debug_str     0x0008d9f4      0x6b6 /usr/lib/gcc/arm-none-eabi/13.2.0/thumb/v7e-m+fp/hard/libgcc.a(_udivmoddi4.o)
 .debug_str     0x0008d9f4       0xbe /usr/lib/gcc/arm-none-eabi/13.2.0/thumb/v7e-m+fp/hard/libgcc.a(_dvmd_tls.o)

.comment        0x00000000       0x1e
 .comment       0x00000000       0x1e /usr/lib/gcc/arm-none-eabi/13.2.0/../../../../arm-none-eabi/lib/thumb/v7e-m+fp/hard/libc_nano.a(libc_a-memset.o)
                                 0x1f (size before relaxing)
 .comment       0x0000001e       0x1f /usr/lib/gcc/arm-none-eabi/13.2.0/../../../../arm-none-eabi/lib/thumb/v7e-m+fp/hard/libc_nano.a(libc_a-init.o)
 .comment       0x0000001e       0x1f CMakeFiles/detector.dir/Core/Src/main.c.obj
 .comment       0x0000001e       0x1f CMakeFiles/detector.dir/Core/Src/stm32f4xx_it.c.obj
 .comment       0x0000001e       0x1f CMakeFiles/detector.dir/Core/Src/stm32f4xx_hal_msp.c.obj
 .comment       0x0000001e       0x1f CMakeFiles/detector.dir/Drivers/STM32F4xx_HAL_Driver/Src/stm32f4xx_hal_adc.c.obj
 .comment       0x0000001e       0x1f CMakeFiles/detector.dir/Drivers/STM32F4xx_HAL_Driver/Src/stm32f4xx_hal_rcc.c.obj
 .comment       0x0000001e       0x1f CMakeFiles/detector.dir/Drivers/STM32F4xx_HAL_Driver/Src/stm32f4xx_hal_gpio.c.obj
 .comment       0x0000001e       0x1f CMakeFiles/detector.dir/Drivers/STM32F4xx_HAL_Driver/Src/stm32f4xx_hal_dma.c.obj
 .comment       0x0000001e       0x1f CMakeFiles/detector.dir/Drivers/STM32F4xx_HAL_Driver/Src/stm32f4xx_hal_cortex.c.obj
 .comment       0x0000001e       0x1f CMakeFiles/detector.dir/Drivers/STM32F4xx_HAL_Driver/Src/stm32f4xx_hal.c.obj
 .comment       0x0000001e       0x1f CMakeFiles/detector.dir/Drivers/STM32F4xx_HAL_Driver/Src/stm32f4xx_hal_uart.c.obj
 .comment       0x0000001e       0x1f CMakeFiles/detector.dir/Core/Src/system_stm32f4xx.c.obj
 .comment       0x0000001e       0x1f /usr/lib/gcc/arm-none-eabi/13.2.0/thumb/v7e-m+fp/hard/libgcc.a(_udivmoddi4.o)

.debug_frame    0x00000000     0x1ecc
 .debug_frame   0x00000000       0x20 /usr/lib/gcc/arm-none-eabi/13.2.0/../../../../arm-none-eabi/lib/thumb/v7e-m+fp/hard/libc_nano.a(libc_a-memset.o)
 .debug_frame   0x00000020       0x2c /usr/lib/gcc/arm-none-eabi/13.2.0/../../../../arm-none-eabi/lib/thumb/v7e-m+fp/hard/libc_nano.a(libc_a-init.o)
 .debug_frame   0x0000004c       0xd4 CMakeFiles/detector.dir/Core/Src/main.c.obj
 .debug_frame   0x00000120      0x120 CMakeFiles/detector.dir/Core/Src/stm32f4xx_it.c.obj
 .debug_frame   0x00000240       0xc8 CMakeFiles/detector.dir/Core/Src/stm32f4xx_hal_msp.c.obj
 .debug_frame   0x00000308      0x3fc CMakeFiles/detector.dir/Drivers/STM32F4xx_HAL_Driver/Src/stm32f4xx_hal_adc.c.obj
 .debug_frame   0x00000704      0x1f4 CMakeFiles/detector.dir/Drivers/STM32F4xx_HAL_Driver/Src/stm32f4xx_hal_rcc.c.obj
 .debug_frame   0x000008f8      0x14c CMakeFiles/detector.dir/Drivers/STM32F4xx_HAL_Driver/Src/stm32f4xx_hal_gpio.c.obj
 .debug_frame   0x00000a44      0x250 CMakeFiles/detector.dir/Drivers/STM32F4xx_HAL_Driver/Src/stm32f4xx_hal_dma.c.obj
 .debug_frame   0x00000c94      0x4b8 CMakeFiles/detector.dir/Drivers/STM32F4xx_HAL_Driver/Src/stm32f4xx_hal_cortex.c.obj
 .debug_frame   0x0000114c      0x374 CMakeFiles/detector.dir/Drivers/STM32F4xx_HAL_Driver/Src/stm32f4xx_hal.c.obj
 .debug_frame   0x000014c0      0x954 CMakeFiles/detector.dir/Drivers/STM32F4xx_HAL_Driver/Src/stm32f4xx_hal_uart.c.obj
 .debug_frame   0x00001e14       0x58 CMakeFiles/detector.dir/Core/Src/system_stm32f4xx.c.obj
 .debug_frame   0x00001e6c       0x2c /usr/lib/gcc/arm-none-eabi/13.2.0/thumb/v7e-m+fp/hard/libgcc.a(_aeabi_uldivmod.o)
 .debug_frame   0x00001e98       0x34 /usr/lib/gcc/arm-none-eabi/13.2.0/thumb/v7e-m+fp/hard/libgcc.a(_udivmoddi4.o)

.debug_macro    0x00000000    0x15bee
 .debug_macro   0x00000000      0x1f4 CMakeFiles/detector.dir/Core/Src/main.c.obj
 .debug_macro   0x000001f4      0xad8 CMakeFiles/detector.dir/Core/Src/main.c.obj
 .debug_macro   0x00000ccc      0x29b CMakeFiles/detector.dir/Core/Src/main.c.obj
 .debug_macro   0x00000f67       0x2e CMakeFiles/detector.dir/Core/Src/main.c.obj
 .debug_macro   0x00000f95       0x28 CMakeFiles/detector.dir/Core/Src/main.c.obj
 .debug_macro   0x00000fbd       0x22 CMakeFiles/detector.dir/Core/Src/main.c.obj
 .debug_macro   0x00000fdf       0x8e CMakeFiles/detector.dir/Core/Src/main.c.obj
 .debug_macro   0x0000106d       0x51 CMakeFiles/detector.dir/Core/Src/main.c.obj
 .debug_macro   0x000010be      0x103 CMakeFiles/detector.dir/Core/Src/main.c.obj
 .debug_macro   0x000011c1       0x6a CMakeFiles/detector.dir/Core/Src/main.c.obj
 .debug_macro   0x0000122b      0x1df CMakeFiles/detector.dir/Core/Src/main.c.obj
 .debug_macro   0x0000140a       0x1c CMakeFiles/detector.dir/Core/Src/main.c.obj
 .debug_macro   0x00001426       0x22 CMakeFiles/detector.dir/Core/Src/main.c.obj
 .debug_macro   0x00001448       0xfb CMakeFiles/detector.dir/Core/Src/main.c.obj
 .debug_macro   0x00001543     0x1011 CMakeFiles/detector.dir/Core/Src/main.c.obj
 .debug_macro   0x00002554      0x11f CMakeFiles/detector.dir/Core/Src/main.c.obj
 .debug_macro   0x00002673     0xb86c CMakeFiles/detector.dir/Core/Src/main.c.obj
 .debug_macro   0x0000dedf       0x6d CMakeFiles/detector.dir/Core/Src/main.c.obj
 .debug_macro   0x0000df4c     0x368c CMakeFiles/detector.dir/Core/Src/main.c.obj
 .debug_macro   0x000115d8      0x190 CMakeFiles/detector.dir/Core/Src/main.c.obj
 .debug_macro   0x00011768       0x5c CMakeFiles/detector.dir/Core/Src/main.c.obj
 .debug_macro   0x000117c4      0x416 CMakeFiles/detector.dir/Core/Src/main.c.obj
 .debug_macro   0x00011bda      0x9e9 CMakeFiles/detector.dir/Core/Src/main.c.obj
 .debug_macro   0x000125c3      0x115 CMakeFiles/detector.dir/Core/Src/main.c.obj
 .debug_macro   0x000126d8       0xf8 CMakeFiles/detector.dir/Core/Src/main.c.obj
 .debug_macro   0x000127d0       0xa5 CMakeFiles/detector.dir/Core/Src/main.c.obj
 .debug_macro   0x00012875      0x15f CMakeFiles/detector.dir/Core/Src/main.c.obj
 .debug_macro   0x000129d4      0x287 CMakeFiles/detector.dir/Core/Src/main.c.obj
 .debug_macro   0x00012c5b       0x5f CMakeFiles/detector.dir/Core/Src/main.c.obj
 .debug_macro   0x00012cba      0x236 CMakeFiles/detector.dir/Core/Src/main.c.obj
 .debug_macro   0x00012ef0      0x9e1 CMakeFiles/detector.dir/Core/Src/main.c.obj
 .debug_macro   0x000138d1      0x38b CMakeFiles/detector.dir/Core/Src/main.c.obj
 .debug_macro   0x00013c5c      0x176 CMakeFiles/detector.dir/Core/Src/main.c.obj
 .debug_macro   0x00013dd2       0xf9 CMakeFiles/detector.dir/Core/Src/main.c.obj
 .debug_macro   0x00013ecb      0x132 CMakeFiles/detector.dir/Core/Src/main.c.obj
 .debug_macro   0x00013ffd      0x23a CMakeFiles/detector.dir/Core/Src/main.c.obj
 .debug_macro   0x00014237       0x2e CMakeFiles/detector.dir/Core/Src/main.c.obj
 .debug_macro   0x00014265      0x127 CMakeFiles/detector.dir/Core/Src/main.c.obj
 .debug_macro   0x0001438c       0x85 CMakeFiles/detector.dir/Core/Src/main.c.obj
 .debug_macro   0x00014411       0x89 CMakeFiles/detector.dir/Core/Src/main.c.obj
 .debug_macro   0x0001449a      0x2aa CMakeFiles/detector.dir/Core/Src/main.c.obj
 .debug_macro   0x00014744      0x126 CMakeFiles/detector.dir/Core/Src/main.c.obj
 .debug_macro   0x0001486a      0x1f6 CMakeFiles/detector.dir/Core/Src/stm32f4xx_it.c.obj
 .debug_macro   0x00014a60      0x1ec CMakeFiles/detector.dir/Core/Src/stm32f4xx_hal_msp.c.obj
 .debug_macro   0x00014c4c      0x1e3 CMakeFiles/detector.dir/Drivers/STM32F4xx_HAL_Driver/Src/stm32f4xx_hal_adc.c.obj
 .debug_macro   0x00014e2f      0x206 CMakeFiles/detector.dir/Drivers/STM32F4xx_HAL_Driver/Src/stm32f4xx_hal_rcc.c.obj
 .debug_macro   0x00015035      0x1e8 CMakeFiles/detector.dir/Drivers/STM32F4xx_HAL_Driver/Src/stm32f4xx_hal_gpio.c.obj
 .debug_macro   0x0001521d      0x1e8 CMakeFiles/detector.dir/Drivers/STM32F4xx_HAL_Driver/Src/stm32f4xx_hal_dma.c.obj
 .debug_macro   0x00015405      0x1e2 CMakeFiles/detector.dir/Drivers/STM32F4xx_HAL_Driver/Src/stm32f4xx_hal_cortex.c.obj
 .debug_macro   0x000155e7      0x242 CMakeFiles/detector.dir/Drivers/STM32F4xx_HAL_Driver/Src/stm32f4xx_hal.c.obj
 .debug_macro   0x00015829      0x1e3 CMakeFiles/detector.dir/Drivers/STM32F4xx_HAL_Driver/Src/stm32f4xx_hal_uart.c.obj
 .debug_macro   0x00015a0c      0x1e2 CMakeFiles/detector.dir/Core/Src/system_stm32f4xx.c.obj

.debug_line_str
                0x00000000      0x11e
 .debug_line_str
                0x00000000      0x11e CMakeFiles/detector.dir/startup_stm32f401xc.s.obj
                                 0x80 (size before relaxing)
 .debug_line_str
                0x0000011e       0x92 /usr/lib/gcc/arm-none-eabi/13.2.0/thumb/v7e-m+fp/hard/libgcc.a(_aeabi_uldivmod.o)
 .debug_line_str
                0x0000011e       0x96 /usr/lib/gcc/arm-none-eabi/13.2.0/thumb/v7e-m+fp/hard/libgcc.a(_dvmd_tls.o)
